[landingpages.rgenesis.com/demos/index-realestate-03.html]
[backblue.gif]
[fade.gif]
[index.html]
[landingpages.rgenesis.com/demos/minify/rgen_min.css]
[landingpages.rgenesis.com/demos/css/themes/default.css]
[landingpages.rgenesis.com/demos/css/template-custom.css]
[landingpages.rgenesis.com/demos/images/favicons/favicon.ico]
[landingpages.rgenesis.com/demos/images/favicons/apple-touch-icon.png]
[landingpages.rgenesis.com/demos/images/favicons/apple-touch-icon-72x72.png]
[landingpages.rgenesis.com/demos/images/favicons/apple-touch-icon-114x114.png]
[landingpages.rgenesis.com/demos/images/logo1.png]
[landingpages.rgenesis.com/demos/images/logo-light.png]
[landingpages.rgenesis.com/demos/images/featured-text.png]
[landingpages.rgenesis.com/demos/images/realestate-sq-img-01.jpg]
[landingpages.rgenesis.com/demos/images/realestate-sq-img-03.jpg]
[landingpages.rgenesis.com/demos/images/realestate-sq-img-04.jpg]
[landingpages.rgenesis.com/demos/images/realestate-sq-img-02.jpg]
[landingpages.rgenesis.com/demos/images/realestate-h-img-01.jpg]
[landingpages.rgenesis.com/demos/images/realestate-h-img-02.jpg]
[landingpages.rgenesis.com/demos/images/realestate-800x600-01.jpg]
[landingpages.rgenesis.com/demos/images/realestate-800x600-02.jpg]
[landingpages.rgenesis.com/demos/images/realestate-800x600-03.jpg]
[landingpages.rgenesis.com/demos/images/realestate-800x600-04.jpg]
[landingpages.rgenesis.com/demos/images/realestate-800x600-05.jpg]
[landingpages.rgenesis.com/demos/images/realestate-800x600-06.jpg]
[landingpages.rgenesis.com/demos/images/person1.jpg]
[landingpages.rgenesis.com/demos/images/person2.jpg]
[landingpages.rgenesis.com/demos/index-realestate-03.html]
[landingpages.rgenesis.com/demos/minify/rgen_min.css]
[landingpages.rgenesis.com/demos/css/themes/default.css]
[landingpages.rgenesis.com/demos/css/template-custom.css]
[landingpages.rgenesis.com/demos/minify/rgen_min.js]
